------------------------------------------------------------
TimeQuest Timing Analyzer Summary
------------------------------------------------------------

Type  : Slow 1200mV 85C Model Setup 'CLK_50M'
Slack : -4.558
TNS   : -62.790

Type  : Slow 1200mV 85C Model Setup 'temporal0'
Slack : -0.357
TNS   : -0.993

Type  : Slow 1200mV 85C Model Hold 'temporal0'
Slack : 0.365
TNS   : 0.000

Type  : Slow 1200mV 85C Model Hold 'CLK_50M'
Slack : 0.724
TNS   : 0.000

Type  : Slow 1200mV 85C Model Minimum Pulse Width 'CLK_50M'
Slack : -3.000
TNS   : -41.662

Type  : Slow 1200mV 85C Model Minimum Pulse Width 'temporal0'
Slack : -1.487
TNS   : -5.948

Type  : Slow 1200mV 0C Model Setup 'CLK_50M'
Slack : -4.287
TNS   : -56.957

Type  : Slow 1200mV 0C Model Setup 'temporal0'
Slack : -0.244
TNS   : -0.661

Type  : Slow 1200mV 0C Model Hold 'temporal0'
Slack : 0.325
TNS   : 0.000

Type  : Slow 1200mV 0C Model Hold 'CLK_50M'
Slack : 0.682
TNS   : 0.000

Type  : Slow 1200mV 0C Model Minimum Pulse Width 'CLK_50M'
Slack : -3.000
TNS   : -41.662

Type  : Slow 1200mV 0C Model Minimum Pulse Width 'temporal0'
Slack : -1.487
TNS   : -5.948

Type  : Fast 1200mV 0C Model Setup 'CLK_50M'
Slack : -1.167
TNS   : -9.140

Type  : Fast 1200mV 0C Model Setup 'temporal0'
Slack : 0.440
TNS   : 0.000

Type  : Fast 1200mV 0C Model Hold 'temporal0'
Slack : 0.153
TNS   : 0.000

Type  : Fast 1200mV 0C Model Hold 'CLK_50M'
Slack : 0.249
TNS   : 0.000

Type  : Fast 1200mV 0C Model Minimum Pulse Width 'CLK_50M'
Slack : -3.000
TNS   : -33.368

Type  : Fast 1200mV 0C Model Minimum Pulse Width 'temporal0'
Slack : -1.000
TNS   : -4.000

------------------------------------------------------------
